<?xml version="1.0" encoding="utf-8"?><testsuites><testsuite name="pytest" errors="0" failures="0" skipped="0" tests="6" time="0.089" timestamp="2024-08-09T17:57:20.920778-04:00" hostname="Dingkuns-MBP.attlocal.net"><testcase classname="tests.test_extract_countries" name="test_get_contents_of_file" time="0.004" /><testcase classname="tests.test_extract_countries" name="test_get_country_dict" time="0.000" /><testcase classname="tests.test_extract_countries" name="test_print_results" time="0.001" /><testcase classname="tests.test_shopping_list" name="test_change_shopping_list" time="0.001" /><testcase classname="tests.test_slack_add" name="test_add_two_numbers" time="0.001" /><testcase classname="tests.test_the_meaning_of_life" name="test_the_meaning_of_life" time="0.001" /></testsuite></testsuites>